#
# There is insufficient memory for the Java Runtime Environment to continue.
# Native memory allocation (malloc) failed to allocate 736096 bytes. Error detail: Chunk::new
# Possible reasons:
#   The system is out of physical RAM or swap space
#   This process is running with CompressedOops enabled, and the Java Heap may be blocking the growth of the native heap
# Possible solutions:
#   Reduce memory load on the system
#   Increase physical memory or swap space
#   Check if swap backing store is full
#   Decrease Java heap size (-Xmx/-Xms)
#   Decrease number of Java threads
#   Decrease Java thread stack sizes (-Xss)
#   Set larger code cache with -XX:ReservedCodeCacheSize=
#   JVM is running with Unscaled Compressed Oops mode in which the Java heap is
#     placed in the first 4GB address space. The Java Heap base address is the
#     maximum limit for the native heap growth. Please use -XX:HeapBaseMinAddress
#     to set the Java Heap base and to place the Java Heap above 4GB virtual address.
# This output file may be truncated or incomplete.
#
#  Out of Memory Error (arena.cpp:191), pid=14744, tid=17264
#
# JRE version: OpenJDK Runtime Environment Microsoft-12574423 (17.0.17+10) (build 17.0.17+10-LTS)
# Java VM: OpenJDK 64-Bit Server VM Microsoft-12574423 (17.0.17+10-LTS, mixed mode, sharing, tiered, compressed oops, compressed class ptrs, g1 gc, windows-amd64)
# No core dump will be written. Minidumps are not enabled by default on client versions of Windows
#

---------------  S U M M A R Y ------------

Command Line: -javaagent:C:\Program Files\JetBrains\IntelliJ IDEA Community Edition 2025.2.6.1\lib\idea_rt.jar=55200 -Dfile.encoding=UTF-8 com.group_project.wfms_backend.WoodAndFunitureManagementSystemBackendApplication

Host: Intel(R) Core(TM) i5-4200U CPU @ 1.60GHz, 4 cores, 3G,  Windows 10 , 64 bit Build 19041 (10.0.19041.5915)
Time: Wed May  6 06:01:50 2026 Sri Lanka Standard Time elapsed time: 28.413271 seconds (0d 0h 0m 28s)

---------------  T H R E A D  ---------------

Current thread (0x00000170359ae290):  JavaThread "C2 CompilerThread0" daemon [_thread_in_native, id=17264, stack(0x00000002bb100000,0x00000002bb200000)]


Current CompileTask:
C2:28414 4092       4       org.springframework.beans.factory.support.AbstractBeanFactory::isTypeMatch (619 bytes)

Stack: [0x00000002bb100000,0x00000002bb200000]
Native frames: (J=compiled Java code, j=interpreted, Vv=VM code, C=native code)
V  [jvm.dll+0x68c459]  (no source info available)
V  [jvm.dll+0x845e09]  (no source info available)
V  [jvm.dll+0x847b78]  (no source info available)
V  [jvm.dll+0x848203]  (no source info available)
V  [jvm.dll+0x24cf6f]  (no source info available)
V  [jvm.dll+0xaecb6]  (no source info available)
V  [jvm.dll+0xaf35c]  (no source info available)
V  [jvm.dll+0x2b4b8f]  (no source info available)
V  [jvm.dll+0x594484]  (no source info available)
V  [jvm.dll+0x226d84]  (no source info available)
V  [jvm.dll+0x22718d]  (no source info available)
V  [jvm.dll+0x220193]  (no source info available)
V  [jvm.dll+0x21d260]  (no source info available)
V  [jvm.dll+0x1a8ce6]  (no source info available)
V  [jvm.dll+0x22db1b]  (no source info available)
V  [jvm.dll+0x22bca6]  (no source info available)
V  [jvm.dll+0x7fb65b]  (no source info available)
V  [jvm.dll+0x7f5a5c]  (no source info available)
V  [jvm.dll+0x68d9f7]  (no source info available)
C  [ucrtbase.dll+0x21bb2]  (no source info available)
C  [KERNEL32.DLL+0x17374]  (no source info available)
C  [ntdll.dll+0x4cc91]  (no source info available)


---------------  P R O C E S S  ---------------

Threads class SMR info:
_java_thread_list=0x000001707c321c50, length=15, elements={
0x000001701a44a540, 0x00000170359937d0, 0x0000017035994650, 0x00000170359a8740,
0x00000170359ac220, 0x00000170359acbe0, 0x00000170359ad5a0, 0x00000170359ae290,
0x00000170359aed40, 0x00000170359ecb00, 0x0000017035a6e520, 0x0000017035e67690,
0x0000017035c81920, 0x000001707b5fcdc0, 0x000001707b692120
}

Java Threads: ( => current thread )
  0x000001701a44a540 JavaThread "main" [_thread_blocked, id=10772, stack(0x00000002ba400000,0x00000002ba500000)]
  0x00000170359937d0 JavaThread "Reference Handler" daemon [_thread_blocked, id=6596, stack(0x00000002bab00000,0x00000002bac00000)]
  0x0000017035994650 JavaThread "Finalizer" daemon [_thread_blocked, id=15972, stack(0x00000002bac00000,0x00000002bad00000)]
  0x00000170359a8740 JavaThread "Signal Dispatcher" daemon [_thread_blocked, id=6412, stack(0x00000002bad00000,0x00000002bae00000)]
  0x00000170359ac220 JavaThread "Attach Listener" daemon [_thread_blocked, id=16920, stack(0x00000002bae00000,0x00000002baf00000)]
  0x00000170359acbe0 JavaThread "Service Thread" daemon [_thread_blocked, id=12356, stack(0x00000002baf00000,0x00000002bb000000)]
  0x00000170359ad5a0 JavaThread "Monitor Deflation Thread" daemon [_thread_blocked, id=7868, stack(0x00000002bb000000,0x00000002bb100000)]
=>0x00000170359ae290 JavaThread "C2 CompilerThread0" daemon [_thread_in_native, id=17264, stack(0x00000002bb100000,0x00000002bb200000)]
  0x00000170359aed40 JavaThread "C1 CompilerThread0" daemon [_thread_blocked, id=9584, stack(0x00000002bb200000,0x00000002bb300000)]
  0x00000170359ecb00 JavaThread "Sweeper thread" daemon [_thread_blocked, id=15308, stack(0x00000002bb300000,0x00000002bb400000)]
  0x0000017035a6e520 JavaThread "Common-Cleaner" daemon [_thread_blocked, id=3552, stack(0x00000002bb400000,0x00000002bb500000)]
  0x0000017035e67690 JavaThread "Monitor Ctrl-Break" daemon [_thread_in_native, id=6748, stack(0x00000002bb500000,0x00000002bb600000)]
  0x0000017035c81920 JavaThread "Notification Thread" daemon [_thread_blocked, id=15192, stack(0x00000002bb600000,0x00000002bb700000)]
  0x000001707b5fcdc0 JavaThread "Thread-0" [_thread_blocked, id=796, stack(0x00000002bbc00000,0x00000002bbd00000)]
  0x000001707b692120 JavaThread "restartedMain" [_thread_in_native, id=3640, stack(0x00000002bbd00000,0x00000002bbe00000)]

Other Threads:
  0x000001701a4fe7e0 VMThread "VM Thread" [stack: 0x00000002baa00000,0x00000002bab00000] [id=17988]
  0x0000017035e66090 WatcherThread [stack: 0x00000002bb700000,0x00000002bb800000] [id=15616]
  0x000001701a485090 GCTaskThread "GC Thread#0" [stack: 0x00000002ba500000,0x00000002ba600000] [id=7112]
  0x000001707b68ac40 GCTaskThread "GC Thread#1" [stack: 0x00000002bb900000,0x00000002bba00000] [id=9516]
  0x000001707b2e8610 GCTaskThread "GC Thread#2" [stack: 0x00000002bba00000,0x00000002bbb00000] [id=17716]
  0x000001707b2e5fd0 GCTaskThread "GC Thread#3" [stack: 0x00000002bbb00000,0x00000002bbc00000] [id=12444]
  0x000001701a48ee00 ConcurrentGCThread "G1 Main Marker" [stack: 0x00000002ba600000,0x00000002ba700000] [id=11872]
  0x000001701a490830 ConcurrentGCThread "G1 Conc#0" [stack: 0x00000002ba700000,0x00000002ba800000] [id=948]
  0x000001701a4e33b0 ConcurrentGCThread "G1 Refine#0" [stack: 0x00000002ba800000,0x00000002ba900000] [id=3892]
  0x000001701a4e3df0 ConcurrentGCThread "G1 Service" [stack: 0x00000002ba900000,0x00000002baa00000] [id=17780]

Threads with active compile tasks:
C2 CompilerThread0  28538 4092       4       org.springframework.beans.factory.support.AbstractBeanFactory::isTypeMatch (619 bytes)
C1 CompilerThread0  28538 4149       3       java.io.WinNTFileSystem::prefixLength (91 bytes)

VM state: not at safepoint (normal execution)

VM Mutex/Monitor currently owned by a thread: None

Heap address: 0x00000000c1000000, size: 1008 MB, Compressed Oops mode: 32-bit

CDS archive(s) mapped at: [0x0000017036000000-0x0000017036bb0000-0x0000017036bb0000), size 12255232, SharedBaseAddress: 0x0000017036000000, ArchiveRelocationMode: 1.
Compressed class space mapped at: 0x0000017037000000-0x0000017077000000, reserved size: 1073741824
Narrow klass base: 0x0000017036000000, Narrow klass shift: 0, Narrow klass range: 0x100000000

GC Precious Log:
 CPUs: 4 total, 4 available
 Memory: 4028M
 Large Page Support: Disabled
 NUMA Support: Disabled
 Compressed Oops: Enabled (32-bit)
 Heap Region Size: 1M
 Heap Min Capacity: 8M
 Heap Initial Capacity: 64M
 Heap Max Capacity: 1008M
 Pre-touch: Disabled
 Parallel Workers: 4
 Concurrent Workers: 1
 Concurrent Refinement Workers: 4
 Periodic GC: Disabled

Heap:
 garbage-first heap   total 55296K, used 31615K [0x00000000c1000000, 0x0000000100000000)
  region size 1024K, 18 young (18432K), 4 survivors (4096K)
 Metaspace       used 28696K, committed 29056K, reserved 1114112K
  class space    used 3708K, committed 3904K, reserved 1048576K

Heap Regions: E=young(eden), S=young(survivor), O=old, HS=humongous(starts), HC=humongous(continues), CS=collection set, F=free, OA=open archive, CA=closed archive, TAMS=top-at-mark-start (previous, next)
|   0|0x00000000c1000000, 0x00000000c1100000, 0x00000000c1100000|100%|HS|  |TAMS 0x00000000c1100000, 0x00000000c1000000| Complete 
|   1|0x00000000c1100000, 0x00000000c1200000, 0x00000000c1200000|100%| O|  |TAMS 0x00000000c1200000, 0x00000000c1100000| Untracked 
|   2|0x00000000c1200000, 0x00000000c1300000, 0x00000000c1300000|100%| O|  |TAMS 0x00000000c1300000, 0x00000000c1200000| Untracked 
|   3|0x00000000c1300000, 0x00000000c1400000, 0x00000000c1400000|100%| O|  |TAMS 0x00000000c1400000, 0x00000000c1300000| Untracked 
|   4|0x00000000c1400000, 0x00000000c1500000, 0x00000000c1500000|100%| O|  |TAMS 0x00000000c1500000, 0x00000000c1400000| Untracked 
|   5|0x00000000c1500000, 0x00000000c1600000, 0x00000000c1600000|100%| O|  |TAMS 0x00000000c1600000, 0x00000000c1500000| Untracked 
|   6|0x00000000c1600000, 0x00000000c1700000, 0x00000000c1700000|100%| O|  |TAMS 0x00000000c1690e00, 0x00000000c1600000| Untracked 
|   7|0x00000000c1700000, 0x00000000c1800000, 0x00000000c1800000|100%| O|  |TAMS 0x00000000c1700000, 0x00000000c1700000| Untracked 
|   8|0x00000000c1800000, 0x00000000c1900000, 0x00000000c1900000|100%| O|  |TAMS 0x00000000c1800000, 0x00000000c1800000| Untracked 
|   9|0x00000000c1900000, 0x00000000c195fa00, 0x00000000c1a00000| 37%| O|  |TAMS 0x00000000c1900000, 0x00000000c1900000| Untracked 
|  10|0x00000000c1a00000, 0x00000000c1b00000, 0x00000000c1b00000|100%| O|  |TAMS 0x00000000c1a00000, 0x00000000c1a00000| Untracked 
|  11|0x00000000c1b00000, 0x00000000c1c00000, 0x00000000c1c00000|100%| O|  |TAMS 0x00000000c1b00000, 0x00000000c1b00000| Untracked 
|  12|0x00000000c1c00000, 0x00000000c1d00000, 0x00000000c1d00000|100%| O|  |TAMS 0x00000000c1c00000, 0x00000000c1c00000| Untracked 
|  13|0x00000000c1d00000, 0x00000000c1e00000, 0x00000000c1e00000|100%| O|  |TAMS 0x00000000c1d00000, 0x00000000c1d00000| Untracked 
|  14|0x00000000c1e00000, 0x00000000c1eff800, 0x00000000c1f00000| 99%| O|  |TAMS 0x00000000c1e00000, 0x00000000c1e00000| Untracked 
|  15|0x00000000c1f00000, 0x00000000c1f00000, 0x00000000c2000000|  0%| F|  |TAMS 0x00000000c1f00000, 0x00000000c1f00000| Untracked 
|  16|0x00000000c2000000, 0x00000000c2000000, 0x00000000c2100000|  0%| F|  |TAMS 0x00000000c2000000, 0x00000000c2000000| Untracked 
|  17|0x00000000c2100000, 0x00000000c2100000, 0x00000000c2200000|  0%| F|  |TAMS 0x00000000c2100000, 0x00000000c2100000| Untracked 
|  18|0x00000000c2200000, 0x00000000c2200000, 0x00000000c2300000|  0%| F|  |TAMS 0x00000000c2200000, 0x00000000c2200000| Untracked 
|  19|0x00000000c2300000, 0x00000000c2300000, 0x00000000c2400000|  0%| F|  |TAMS 0x00000000c2300000, 0x00000000c2300000| Untracked 
|  20|0x00000000c2400000, 0x00000000c2400000, 0x00000000c2500000|  0%| F|  |TAMS 0x00000000c2400000, 0x00000000c2400000| Untracked 
|  21|0x00000000c2500000, 0x00000000c2500000, 0x00000000c2600000|  0%| F|  |TAMS 0x00000000c2500000, 0x00000000c2500000| Untracked 
|  22|0x00000000c2600000, 0x00000000c2600000, 0x00000000c2700000|  0%| F|  |TAMS 0x00000000c2600000, 0x00000000c2600000| Untracked 
|  23|0x00000000c2700000, 0x00000000c2700000, 0x00000000c2800000|  0%| F|  |TAMS 0x00000000c2700000, 0x00000000c2700000| Untracked 
|  24|0x00000000c2800000, 0x00000000c2800000, 0x00000000c2900000|  0%| F|  |TAMS 0x00000000c2800000, 0x00000000c2800000| Untracked 
|  25|0x00000000c2900000, 0x00000000c2900000, 0x00000000c2a00000|  0%| F|  |TAMS 0x00000000c2900000, 0x00000000c2900000| Untracked 
|  26|0x00000000c2a00000, 0x00000000c2a00000, 0x00000000c2b00000|  0%| F|  |TAMS 0x00000000c2a00000, 0x00000000c2a00000| Untracked 
|  27|0x00000000c2b00000, 0x00000000c2b00000, 0x00000000c2c00000|  0%| F|  |TAMS 0x00000000c2b00000, 0x00000000c2b00000| Untracked 
|  28|0x00000000c2c00000, 0x00000000c2c80b80, 0x00000000c2d00000| 50%| S|CS|TAMS 0x00000000c2c00000, 0x00000000c2c00000| Complete 
|  29|0x00000000c2d00000, 0x00000000c2e00000, 0x00000000c2e00000|100%| S|CS|TAMS 0x00000000c2d00000, 0x00000000c2d00000| Complete 
|  30|0x00000000c2e00000, 0x00000000c2f00000, 0x00000000c2f00000|100%| S|CS|TAMS 0x00000000c2e00000, 0x00000000c2e00000| Complete 
|  31|0x00000000c2f00000, 0x00000000c3000000, 0x00000000c3000000|100%| S|CS|TAMS 0x00000000c2f00000, 0x00000000c2f00000| Complete 
|  32|0x00000000c3000000, 0x00000000c3000000, 0x00000000c3100000|  0%| F|  |TAMS 0x00000000c3000000, 0x00000000c3000000| Untracked 
|  33|0x00000000c3100000, 0x00000000c3100000, 0x00000000c3200000|  0%| F|  |TAMS 0x00000000c3100000, 0x00000000c3100000| Untracked 
|  34|0x00000000c3200000, 0x00000000c3200000, 0x00000000c3300000|  0%| F|  |TAMS 0x00000000c3200000, 0x00000000c3200000| Untracked 
|  35|0x00000000c3300000, 0x00000000c3300000, 0x00000000c3400000|  0%| F|  |TAMS 0x00000000c3300000, 0x00000000c3300000| Untracked 
|  36|0x00000000c3400000, 0x00000000c3400000, 0x00000000c3500000|  0%| F|  |TAMS 0x00000000c3400000, 0x00000000c3400000| Untracked 
|  37|0x00000000c3500000, 0x00000000c3500000, 0x00000000c3600000|  0%| F|  |TAMS 0x00000000c3500000, 0x00000000c3500000| Untracked 
|  38|0x00000000c3600000, 0x00000000c3600000, 0x00000000c3700000|  0%| F|  |TAMS 0x00000000c3600000, 0x00000000c3600000| Untracked 
|  39|0x00000000c3700000, 0x00000000c3700000, 0x00000000c3800000|  0%| F|  |TAMS 0x00000000c3700000, 0x00000000c3700000| Untracked 
|  40|0x00000000c3800000, 0x00000000c385b7b8, 0x00000000c3900000| 35%| E|  |TAMS 0x00000000c3800000, 0x00000000c3800000| Complete 
|  41|0x00000000c3900000, 0x00000000c3a00000, 0x00000000c3a00000|100%| E|CS|TAMS 0x00000000c3900000, 0x00000000c3900000| Complete 
|  42|0x00000000c3a00000, 0x00000000c3b00000, 0x00000000c3b00000|100%| E|CS|TAMS 0x00000000c3a00000, 0x00000000c3a00000| Complete 
|  43|0x00000000c3b00000, 0x00000000c3c00000, 0x00000000c3c00000|100%| E|CS|TAMS 0x00000000c3b00000, 0x00000000c3b00000| Complete 
|  44|0x00000000c3c00000, 0x00000000c3d00000, 0x00000000c3d00000|100%| E|CS|TAMS 0x00000000c3c00000, 0x00000000c3c00000| Complete 
|  45|0x00000000c3d00000, 0x00000000c3e00000, 0x00000000c3e00000|100%| E|CS|TAMS 0x00000000c3d00000, 0x00000000c3d00000| Complete 
|  46|0x00000000c3e00000, 0x00000000c3f00000, 0x00000000c3f00000|100%| E|CS|TAMS 0x00000000c3e00000, 0x00000000c3e00000| Complete 
|  47|0x00000000c3f00000, 0x00000000c4000000, 0x00000000c4000000|100%| E|CS|TAMS 0x00000000c3f00000, 0x00000000c3f00000| Complete 
|  48|0x00000000c4000000, 0x00000000c4100000, 0x00000000c4100000|100%| E|CS|TAMS 0x00000000c4000000, 0x00000000c4000000| Complete 
|  49|0x00000000c4100000, 0x00000000c4200000, 0x00000000c4200000|100%| E|CS|TAMS 0x00000000c4100000, 0x00000000c4100000| Complete 
|  50|0x00000000c4200000, 0x00000000c4300000, 0x00000000c4300000|100%| E|CS|TAMS 0x00000000c4200000, 0x00000000c4200000| Complete 
|  51|0x00000000c4300000, 0x00000000c4400000, 0x00000000c4400000|100%| E|CS|TAMS 0x00000000c4300000, 0x00000000c4300000| Complete 
|  52|0x00000000c4400000, 0x00000000c4500000, 0x00000000c4500000|100%| E|CS|TAMS 0x00000000c4400000, 0x00000000c4400000| Complete 
|  63|0x00000000c4f00000, 0x00000000c5000000, 0x00000000c5000000|100%| E|CS|TAMS 0x00000000c4f00000, 0x00000000c4f00000| Complete 

Card table byte_map: [0x00000170311c0000,0x00000170313c0000] _byte_map_base: 0x0000017030bb8000

Marking Bits (Prev, Next): (CMBitMap*) 0x000001701a486710, (CMBitMap*) 0x000001701a4866d0
 Prev Bits: [0x0000017032580000, 0x0000017033540000)
 Next Bits: [0x00000170315c0000, 0x0000017032580000)

Polling page: 0x0000017018170000

Metaspace:

Usage:
  Non-class:     24.40 MB used.
      Class:      3.62 MB used.
       Both:     28.02 MB used.

Virtual space:
  Non-class space:       64.00 MB reserved,      24.56 MB ( 38%) committed,  1 nodes.
      Class space:        1.00 GB reserved,       3.81 MB ( <1%) committed,  1 nodes.
             Both:        1.06 GB reserved,      28.38 MB (  3%) committed. 

Chunk freelists:
   Non-Class:  6.53 MB
       Class:  12.02 MB
        Both:  18.55 MB

MaxMetaspaceSize: unlimited
CompressedClassSpaceSize: 1.00 GB
Initial GC threshold: 21.00 MB
Current GC threshold: 35.12 MB
CDS: on
MetaspaceReclaimPolicy: balanced
 - commit_granule_bytes: 65536.
 - commit_granule_words: 8192.
 - virtual_space_node_default_size: 8388608.
 - enlarge_chunks_in_place: 1.
 - new_chunks_are_fully_committed: 0.
 - uncommit_free_chunks: 1.
 - use_allocation_guard: 0.
 - handle_deallocations: 1.


Internal statistics:

num_allocs_failed_limit: 3.
num_arena_births: 428.
num_arena_deaths: 0.
num_vsnodes_births: 2.
num_vsnodes_deaths: 0.
num_space_committed: 454.
num_space_uncommitted: 0.
num_chunks_returned_to_freelist: 3.
num_chunks_taken_from_freelist: 1475.
num_chunk_merges: 3.
num_chunk_splits: 1014.
num_chunks_enlarged: 745.
num_inconsistent_stats: 0.

CodeHeap 'non-profiled nmethods': size=120000Kb used=2223Kb max_used=2223Kb free=117776Kb
 bounds [0x0000017029a90000, 0x0000017029d00000, 0x0000017030fc0000]
CodeHeap 'profiled nmethods': size=120000Kb used=9015Kb max_used=9015Kb free=110984Kb
 bounds [0x0000017021fc0000, 0x0000017022890000, 0x00000170294f0000]
CodeHeap 'non-nmethods': size=5760Kb used=1216Kb max_used=1259Kb free=4543Kb
 bounds [0x00000170294f0000, 0x0000017029760000, 0x0000017029a90000]
 total_blobs=4649 nmethods=4135 adapters=426
 compilation: enabled
              stopped_count=0, restarted_count=0
 full_count=0

Compilation events (20 events):
Event: 28.300 Thread 0x00000170359aed40 4136       1       org.springframework.beans.factory.support.AbstractBeanFactory::getConversionService (5 bytes)
Event: 28.300 Thread 0x00000170359aed40 nmethod 4136 0x0000017029cbae10 code [0x0000017029cbafa0, 0x0000017029cbb078]
Event: 28.312 Thread 0x00000170359aed40 4137   !   3       org.springframework.util.ConcurrentReferenceHashMap$Segment::clear (69 bytes)
Event: 28.314 Thread 0x00000170359aed40 nmethod 4137 0x0000017022885910 code [0x0000017022885b60, 0x00000170228866b8]
Event: 28.339 Thread 0x00000170359aed40 4138       3       sun.reflect.generics.parser.SignatureParser::parseTypeArguments (109 bytes)
Event: 28.340 Thread 0x00000170359aed40 nmethod 4138 0x0000017022886a90 code [0x0000017022886d60, 0x0000017022887cc8]
Event: 28.351 Thread 0x00000170359aed40 4139       3       java.lang.invoke.MemberName::asSpecial (89 bytes)
Event: 28.352 Thread 0x00000170359aed40 nmethod 4139 0x0000017022888190 code [0x0000017022888460, 0x0000017022889108]
Event: 28.356 Thread 0x00000170359aed40 4140       3       java.lang.ThreadLocal$ThreadLocalMap::nextIndex (15 bytes)
Event: 28.356 Thread 0x00000170359aed40 nmethod 4140 0x0000017022889590 code [0x0000017022889720, 0x0000017022889858]
Event: 28.357 Thread 0x00000170359aed40 4141       3       org.springframework.aop.support.annotation.AnnotationMatchingPointcut$AnnotationCandidateClassFilter::matches (9 bytes)
Event: 28.358 Thread 0x00000170359aed40 nmethod 4141 0x0000017022889910 code [0x0000017022889b40, 0x000001702288a258]
Event: 28.358 Thread 0x00000170359aed40 4142       3       org.springframework.aop.support.annotation.AnnotationClassFilter::matches (27 bytes)
Event: 28.359 Thread 0x00000170359aed40 nmethod 4142 0x000001702288a510 code [0x000001702288a720, 0x000001702288adb8]
Event: 28.359 Thread 0x00000170359aed40 4143       3       org.springframework.util.ReflectionUtils$$Lambda$587/0x00000170373e4dc8::doWith (11 bytes)
Event: 28.359 Thread 0x00000170359aed40 nmethod 4143 0x000001702288b010 code [0x000001702288b1c0, 0x000001702288b388]
Event: 28.375 Thread 0x00000170359aed40 4145       1       org.springframework.beans.PropertyEditorRegistrySupport::setConversionService (6 bytes)
Event: 28.375 Thread 0x00000170359aed40 nmethod 4145 0x0000017029cbb110 code [0x0000017029cbb2a0, 0x0000017029cbb3b8]
Event: 28.379 Thread 0x00000170359aed40 4146       3       org.springframework.util.ClassUtils::isAssignableValue (34 bytes)
Event: 28.379 Thread 0x00000170359aed40 nmethod 4146 0x000001702288b490 code [0x000001702288b660, 0x000001702288b9f8]

GC Heap History (14 events):
Event: 4.138 GC heap before
{Heap before GC invocations=0 (full 0):
 garbage-first heap   total 65536K, used 13312K [0x00000000c1000000, 0x0000000100000000)
  region size 1024K, 13 young (13312K), 0 survivors (0K)
 Metaspace       used 3247K, committed 3392K, reserved 1114112K
  class space    used 325K, committed 384K, reserved 1048576K
}
Event: 4.147 GC heap after
{Heap after GC invocations=1 (full 0):
 garbage-first heap   total 65536K, used 6548K [0x00000000c1000000, 0x0000000100000000)
  region size 1024K, 2 young (2048K), 2 survivors (2048K)
 Metaspace       used 3247K, committed 3392K, reserved 1114112K
  class space    used 325K, committed 384K, reserved 1048576K
}
Event: 5.030 GC heap before
{Heap before GC invocations=1 (full 0):
 garbage-first heap   total 65536K, used 18836K [0x00000000c1000000, 0x0000000100000000)
  region size 1024K, 14 young (14336K), 2 survivors (2048K)
 Metaspace       used 6277K, committed 6464K, reserved 1114112K
  class space    used 730K, committed 832K, reserved 1048576K
}
Event: 5.036 GC heap after
{Heap after GC invocations=2 (full 0):
 garbage-first heap   total 65536K, used 7481K [0x00000000c1000000, 0x0000000100000000)
  region size 1024K, 1 young (1024K), 1 survivors (1024K)
 Metaspace       used 6277K, committed 6464K, reserved 1114112K
  class space    used 730K, committed 832K, reserved 1048576K
}
Event: 6.822 GC heap before
{Heap before GC invocations=2 (full 0):
 garbage-first heap   total 65536K, used 27961K [0x00000000c1000000, 0x0000000100000000)
  region size 1024K, 22 young (22528K), 1 survivors (1024K)
 Metaspace       used 11162K, committed 11456K, reserved 1114112K
  class space    used 1419K, committed 1536K, reserved 1048576K
}
Event: 6.829 GC heap after
{Heap after GC invocations=3 (full 0):
 garbage-first heap   total 65536K, used 8931K [0x00000000c1000000, 0x0000000100000000)
  region size 1024K, 3 young (3072K), 3 survivors (3072K)
 Metaspace       used 11162K, committed 11456K, reserved 1114112K
  class space    used 1419K, committed 1536K, reserved 1048576K
}
Event: 12.082 GC heap before
{Heap before GC invocations=3 (full 0):
 garbage-first heap   total 65536K, used 40675K [0x00000000c1000000, 0x0000000100000000)
  region size 1024K, 34 young (34816K), 3 survivors (3072K)
 Metaspace       used 18164K, committed 18368K, reserved 1114112K
  class space    used 2327K, committed 2432K, reserved 1048576K
}
Event: 12.091 GC heap after
{Heap after GC invocations=4 (full 0):
 garbage-first heap   total 65536K, used 11179K [0x00000000c1000000, 0x0000000100000000)
  region size 1024K, 5 young (5120K), 5 survivors (5120K)
 Metaspace       used 18164K, committed 18368K, reserved 1114112K
  class space    used 2327K, committed 2432K, reserved 1048576K
}
Event: 17.265 GC heap before
{Heap before GC invocations=4 (full 0):
 garbage-first heap   total 65536K, used 38827K [0x00000000c1000000, 0x0000000100000000)
  region size 1024K, 33 young (33792K), 5 survivors (5120K)
 Metaspace       used 21228K, committed 21504K, reserved 1114112K
  class space    used 2681K, committed 2816K, reserved 1048576K
}
Event: 17.280 GC heap after
{Heap after GC invocations=5 (full 0):
 garbage-first heap   total 65536K, used 14718K [0x00000000c1000000, 0x0000000100000000)
  region size 1024K, 5 young (5120K), 5 survivors (5120K)
 Metaspace       used 21228K, committed 21504K, reserved 1114112K
  class space    used 2681K, committed 2816K, reserved 1048576K
}
Event: 21.079 GC heap before
{Heap before GC invocations=6 (full 0):
 garbage-first heap   total 55296K, used 41342K [0x00000000c1000000, 0x0000000100000000)
  region size 1024K, 32 young (32768K), 5 survivors (5120K)
 Metaspace       used 24027K, committed 24320K, reserved 1114112K
  class space    used 3066K, committed 3200K, reserved 1048576K
}
Event: 21.096 GC heap after
{Heap after GC invocations=7 (full 0):
 garbage-first heap   total 55296K, used 16996K [0x00000000c1000000, 0x0000000100000000)
  region size 1024K, 3 young (3072K), 3 survivors (3072K)
 Metaspace       used 24027K, committed 24320K, reserved 1114112K
  class space    used 3066K, committed 3200K, reserved 1048576K
}
Event: 25.360 GC heap before
{Heap before GC invocations=7 (full 0):
 garbage-first heap   total 55296K, used 39524K [0x00000000c1000000, 0x0000000100000000)
  region size 1024K, 25 young (25600K), 3 survivors (3072K)
 Metaspace       used 26732K, committed 27072K, reserved 1114112K
  class space    used 3410K, committed 3584K, reserved 1048576K
}
Event: 25.367 GC heap after
{Heap after GC invocations=8 (full 0):
 garbage-first heap   total 55296K, used 18303K [0x00000000c1000000, 0x0000000100000000)
  region size 1024K, 4 young (4096K), 4 survivors (4096K)
 Metaspace       used 26732K, committed 27072K, reserved 1114112K
  class space    used 3410K, committed 3584K, reserved 1048576K
}

Dll operation events (12 events):
Event: 0.035 Loaded shared library C:\Users\Vindya\.jdks\ms-17.0.17\bin\java.dll
Event: 0.073 Loaded shared library C:\Users\Vindya\.jdks\ms-17.0.17\bin\jsvml.dll
Event: 0.595 Loaded shared library C:\Users\Vindya\.jdks\ms-17.0.17\bin\zip.dll
Event: 0.605 Loaded shared library C:\Users\Vindya\.jdks\ms-17.0.17\bin\instrument.dll
Event: 0.623 Loaded shared library C:\Users\Vindya\.jdks\ms-17.0.17\bin\net.dll
Event: 0.627 Loaded shared library C:\Users\Vindya\.jdks\ms-17.0.17\bin\nio.dll
Event: 0.635 Loaded shared library C:\Users\Vindya\.jdks\ms-17.0.17\bin\zip.dll
Event: 1.209 Loaded shared library C:\Users\Vindya\.jdks\ms-17.0.17\bin\extnet.dll
Event: 1.393 Loaded shared library C:\Users\Vindya\.jdks\ms-17.0.17\bin\jimage.dll
Event: 4.426 Loaded shared library C:\Users\Vindya\.jdks\ms-17.0.17\bin\management.dll
Event: 4.435 Loaded shared library C:\Users\Vindya\.jdks\ms-17.0.17\bin\management_ext.dll
Event: 12.568 Loaded shared library C:\Users\Vindya\.jdks\ms-17.0.17\bin\sunmscapi.dll

Deoptimization events (20 events):
Event: 28.231 Thread 0x000001707b692120 Uncommon trap: trap_request=0xffffff45 fr.pc=0x0000017029c02240 relative=0x0000000000000120
Event: 28.231 Thread 0x000001707b692120 Uncommon trap: reason=unstable_if action=reinterpret pc=0x0000017029c02240 method=java.util.IdentityHashMap.nextKeyIndex(II)I @ 4 c2
Event: 28.231 Thread 0x000001707b692120 DEOPT PACKING pc=0x0000017029c02240 sp=0x00000002bbdfc800
Event: 28.231 Thread 0x000001707b692120 DEOPT UNPACKING pc=0x00000170295469a3 sp=0x00000002bbdfc708 mode 2
Event: 28.261 Thread 0x000001707b692120 Uncommon trap: trap_request=0xffffff45 fr.pc=0x0000017029bab218 relative=0x0000000000000c98
Event: 28.261 Thread 0x000001707b692120 Uncommon trap: reason=unstable_if action=reinterpret pc=0x0000017029bab218 method=org.springframework.util.ConcurrentReferenceHashMap$Segment.findInChain(Lorg/springframework/util/ConcurrentReferenceHashMap$Reference;Ljava/lang/Object;I)Lorg/springframewo
Event: 28.261 Thread 0x000001707b692120 DEOPT PACKING pc=0x0000017029bab218 sp=0x00000002bbdfc6f0
Event: 28.261 Thread 0x000001707b692120 DEOPT UNPACKING pc=0x00000170295469a3 sp=0x00000002bbdfc538 mode 2
Event: 28.261 Thread 0x000001707b692120 Uncommon trap: trap_request=0xffffff45 fr.pc=0x0000017029c96678 relative=0x00000000000005b8
Event: 28.261 Thread 0x000001707b692120 Uncommon trap: reason=unstable_if action=reinterpret pc=0x0000017029c96678 method=org.springframework.util.ConcurrentReferenceHashMap$Segment.findInChain(Lorg/springframework/util/ConcurrentReferenceHashMap$Reference;Ljava/lang/Object;I)Lorg/springframewo
Event: 28.261 Thread 0x000001707b692120 DEOPT PACKING pc=0x0000017029c96678 sp=0x00000002bbdfc4a0
Event: 28.261 Thread 0x000001707b692120 DEOPT UNPACKING pc=0x00000170295469a3 sp=0x00000002bbdfc448 mode 2
Event: 28.262 Thread 0x000001707b692120 Uncommon trap: trap_request=0xffffff45 fr.pc=0x0000017029badf14 relative=0x0000000000000c14
Event: 28.262 Thread 0x000001707b692120 Uncommon trap: reason=unstable_if action=reinterpret pc=0x0000017029badf14 method=org.springframework.util.ConcurrentReferenceHashMap$Segment.findInChain(Lorg/springframework/util/ConcurrentReferenceHashMap$Reference;Ljava/lang/Object;I)Lorg/springframewo
Event: 28.262 Thread 0x000001707b692120 DEOPT PACKING pc=0x0000017029badf14 sp=0x00000002bbdfc650
Event: 28.262 Thread 0x000001707b692120 DEOPT UNPACKING pc=0x00000170295469a3 sp=0x00000002bbdfc528 mode 2
Event: 28.373 Thread 0x000001707b692120 Uncommon trap: trap_request=0xffffffde fr.pc=0x0000017029c99228 relative=0x0000000000002428
Event: 28.373 Thread 0x000001707b692120 Uncommon trap: reason=class_check action=maybe_recompile pc=0x0000017029c99228 method=org.springframework.beans.factory.support.AbstractBeanFactory.getBeanPostProcessorCache()Lorg/springframework/beans/factory/support/AbstractBeanFactory$BeanPostProcessor
Event: 28.373 Thread 0x000001707b692120 DEOPT PACKING pc=0x0000017029c99228 sp=0x00000002bbdfe380
Event: 28.373 Thread 0x000001707b692120 DEOPT UNPACKING pc=0x00000170295469a3 sp=0x00000002bbdfe380 mode 2

Classes loaded (20 events):
Event: 26.675 Loading class javax/security/auth/Destroyable
Event: 26.678 Loading class javax/security/auth/Destroyable done
Event: 26.678 Loading class java/security/PrivateKey done
Event: 26.678 Loading class java/security/interfaces/RSAPrivateKey done
Event: 26.791 Loading class javax/naming/NameNotFoundException
Event: 26.795 Loading class javax/naming/NameNotFoundException done
Event: 27.476 Loading class java/lang/Class$EnclosingMethodInfo
Event: 27.484 Loading class java/lang/Class$EnclosingMethodInfo done
Event: 28.280 Loading class java/io/ObjectInputStream
Event: 28.282 Loading class java/io/ObjectInput
Event: 28.282 Loading class java/io/ObjectInput done
Event: 28.282 Loading class java/io/ObjectStreamConstants
Event: 28.283 Loading class java/io/ObjectStreamConstants done
Event: 28.283 Loading class java/io/ObjectInputStream done
Event: 28.283 Loading class java/io/ObjectOutputStream
Event: 28.284 Loading class java/io/ObjectOutput
Event: 28.284 Loading class java/io/ObjectOutput done
Event: 28.284 Loading class java/io/ObjectOutputStream done
Event: 28.367 Loading class java/text/MessageFormat
Event: 28.368 Loading class java/text/MessageFormat done

Classes unloaded (0 events):
No events

Classes redefined (0 events):
No events

Internal exceptions (20 events):
Event: 24.885 Thread 0x000001707b692120 Exception <a 'java/lang/NoSuchMethodError'{0x00000000c336a1c8}: 'int java.lang.invoke.DirectMethodHandle$Holder.invokeStaticInit(java.lang.Object, int, int)'> (0x00000000c336a1c8) 
thrown [s\src\hotspot\share\interpreter\linkResolver.cpp, line 759]
Event: 24.887 Thread 0x000001707b692120 Exception <a 'java/lang/NoSuchMethodError'{0x00000000c3371ab0}: 'int java.lang.invoke.DirectMethodHandle$Holder.invokeStaticInit(java.lang.Object, long, long)'> (0x00000000c3371ab0) 
thrown [s\src\hotspot\share\interpreter\linkResolver.cpp, line 759]
Event: 24.889 Thread 0x000001707b692120 Exception <a 'java/lang/NoSuchMethodError'{0x00000000c3378900}: 'int java.lang.invoke.DirectMethodHandle$Holder.invokeStaticInit(java.lang.Object, float, float)'> (0x00000000c3378900) 
thrown [s\src\hotspot\share\interpreter\linkResolver.cpp, line 759]
Event: 24.897 Thread 0x000001707b692120 Exception <a 'java/lang/NoSuchMethodError'{0x00000000c337f758}: 'int java.lang.invoke.DirectMethodHandle$Holder.invokeStaticInit(java.lang.Object, double, double)'> (0x00000000c337f758) 
thrown [s\src\hotspot\share\interpreter\linkResolver.cpp, line 759]
Event: 24.899 Thread 0x000001707b692120 Exception <a 'java/lang/NoSuchMethodError'{0x00000000c3383d28}: 'int java.lang.invoke.DirectMethodHandle$Holder.invokeStatic(java.lang.Object, long)'> (0x00000000c3383d28) 
thrown [s\src\hotspot\share\interpreter\linkResolver.cpp, line 759]
Event: 24.921 Thread 0x000001707b692120 Exception <a 'java/lang/NoSuchMethodError'{0x00000000c33a8be0}: 'int java.lang.invoke.DirectMethodHandle$Holder.invokeSpecial(java.lang.Object, java.lang.Object, int)'> (0x00000000c33a8be0) 
thrown [s\src\hotspot\share\interpreter\linkResolver.cpp, line 759]
Event: 24.924 Thread 0x000001707b692120 Exception <a 'java/lang/NoSuchMethodError'{0x00000000c33b0540}: 'int java.lang.invoke.Invokers$Holder.linkToTargetMethod(java.lang.Object, java.lang.Object)'> (0x00000000c33b0540) 
thrown [s\src\hotspot\share\interpreter\linkResolver.cpp, line 759]
Event: 24.972 Thread 0x000001707b692120 Exception <a 'java/lang/NoSuchMethodError'{0x00000000c324ef18}: 'java.lang.Object java.lang.invoke.DirectMethodHandle$Holder.invokeSpecial(java.lang.Object, java.lang.Object, java.lang.Object, java.lang.Object, java.lang.Object, java.lang.Object, java.lang.Object, java.lang.Object, java.lang.Object, java.lang.Object)'> (0x00000000c324ef18) 
thrown [s\src\hotspot\share\interpreter\linkResolver.cpp, line 759]
Event: 24.972 Thread 0x000001707b692120 Exception <a 'java/lang/NoSuchMethodError'{0x00000000c32537a8}: 'java.lang.Object java.lang.invoke.Invokers$Holder.invoke_MT(java.lang.Object, java.lang.Object, java.lang.Object, java.lang.Object, java.lang.Object, java.lang.Object, java.lang.Object, java.lang.Object, java.lang.Object, java.lang.Object)'> (0x00000000c32537a8) 
thrown [s\src\hotspot\share\interpreter\linkResolver.cpp, line 759]
Event: 25.014 Thread 0x000001707b692120 Exception <a 'java/lang/NoSuchMethodError'{0x00000000c3293680}: 'java.lang.Object java.lang.invoke.DirectMethodHandle$Holder.invokeSpecial(java.lang.Object, java.lang.Object, int, java.lang.Object, java.lang.Object)'> (0x00000000c3293680) 
thrown [s\src\hotspot\share\interpreter\linkResolver.cpp, line 759]
Event: 25.017 Thread 0x000001707b692120 Exception <a 'java/lang/NoSuchMethodError'{0x00000000c3297328}: 'java.lang.Object java.lang.invoke.DelegatingMethodHandle$Holder.delegate(java.lang.Object, int, java.lang.Object, java.lang.Object)'> (0x00000000c3297328) 
thrown [s\src\hotspot\share\interpreter\linkResolver.cpp, line 759]
Event: 25.036 Thread 0x000001707b692120 Exception <a 'java/lang/NoSuchMethodError'{0x00000000c32a8190}: 'int java.lang.invoke.Invokers$Holder.linkToTargetMethod(java.lang.Object, java.lang.Object, java.lang.Object)'> (0x00000000c32a8190) 
thrown [s\src\hotspot\share\interpreter\linkResolver.cpp, line 759]
Event: 25.377 Thread 0x000001707b692120 Exception <a 'java/lang/NoClassDefFoundError'{0x00000000c4f09d98}: org/flywaydb/core/Flyway> (0x00000000c4f09d98) 
thrown [s\src\hotspot\share\classfile\systemDictionary.cpp, line 245]
Event: 25.378 Thread 0x000001707b692120 Exception <a 'java/lang/NoClassDefFoundError'{0x00000000c4f0b690}: liquibase/integration/spring/SpringLiquibase> (0x00000000c4f0b690) 
thrown [s\src\hotspot\share\classfile\systemDictionary.cpp, line 245]
Event: 25.900 Thread 0x000001707b692120 Exception <a 'java/lang/NoClassDefFoundError'{0x00000000c4272478}: org/jooq/DSLContext> (0x00000000c4272478) 
thrown [s\src\hotspot\share\classfile\systemDictionary.cpp, line 245]
Event: 25.907 Thread 0x000001707b692120 Exception <a 'java/lang/NoClassDefFoundError'{0x00000000c4294fa0}: org/springframework/batch/core/repository/JobRepository> (0x00000000c4294fa0) 
thrown [s\src\hotspot\share\classfile\systemDictionary.cpp, line 245]
Event: 25.908 Thread 0x000001707b692120 Exception <a 'java/lang/NoClassDefFoundError'{0x00000000c42965f8}: org/quartz/Scheduler> (0x00000000c42965f8) 
thrown [s\src\hotspot\share\classfile\systemDictionary.cpp, line 245]
Event: 25.909 Thread 0x000001707b692120 Exception <a 'java/lang/NoClassDefFoundError'{0x00000000c4298060}: org/springframework/session/jdbc/JdbcIndexedSessionRepository> (0x00000000c4298060) 
thrown [s\src\hotspot\share\classfile\systemDictionary.cpp, line 245]
Event: 27.105 Thread 0x000001707b692120 Exception <a 'java/lang/NoSuchMethodError'{0x00000000c4076f40}: 'void java.lang.invoke.DirectMethodHandle$Holder.invokeSpecial(java.lang.Object, java.lang.Object, java.lang.Object, java.lang.Object, java.lang.Object, java.lang.Object)'> (0x00000000c4076f40) 
thrown [s\src\hotspot\share\interpreter\linkResolver.cpp, line 759]
Event: 28.211 Thread 0x000001707b692120 Implicit null exception at 0x0000017029b951cc to 0x0000017029b95388

VM Operations (20 events):
Event: 23.663 Executing VM operation: Cleanup
Event: 23.663 Executing VM operation: Cleanup done
Event: 24.676 Executing VM operation: Cleanup
Event: 24.677 Executing VM operation: Cleanup done
Event: 24.850 Executing VM operation: HandshakeAllThreads
Event: 24.850 Executing VM operation: HandshakeAllThreads done
Event: 24.945 Executing VM operation: HandshakeAllThreads
Event: 24.946 Executing VM operation: HandshakeAllThreads done
Event: 24.956 Executing VM operation: HandshakeAllThreads
Event: 24.956 Executing VM operation: HandshakeAllThreads done
Event: 25.064 Executing VM operation: HandshakeAllThreads
Event: 25.064 Executing VM operation: HandshakeAllThreads done
Event: 25.360 Executing VM operation: G1CollectForAllocation
Event: 25.367 Executing VM operation: G1CollectForAllocation done
Event: 26.381 Executing VM operation: Cleanup
Event: 26.632 Executing VM operation: Cleanup done
Event: 27.191 Executing VM operation: HandshakeAllThreads
Event: 27.191 Executing VM operation: HandshakeAllThreads done
Event: 27.502 Executing VM operation: HandshakeAllThreads
Event: 27.502 Executing VM operation: HandshakeAllThreads done

Memory protections (0 events):
No events

Nmethod flushes (0 events):
No events

Events (20 events):
Event: 0.080 Thread 0x000001701a44a540 Thread added: 0x00000170359937d0
Event: 0.080 Thread 0x000001701a44a540 Thread added: 0x0000017035994650
Event: 0.101 Thread 0x000001701a44a540 Thread added: 0x00000170359a8740
Event: 0.102 Thread 0x000001701a44a540 Thread added: 0x00000170359ac220
Event: 0.102 Thread 0x000001701a44a540 Thread added: 0x00000170359acbe0
Event: 0.102 Thread 0x000001701a44a540 Thread added: 0x00000170359ad5a0
Event: 0.102 Thread 0x000001701a44a540 Thread added: 0x00000170359ae290
Event: 0.103 Thread 0x000001701a44a540 Thread added: 0x00000170359aed40
Event: 0.104 Thread 0x000001701a44a540 Thread added: 0x00000170359ecb00
Event: 0.526 Thread 0x000001701a44a540 Thread added: 0x0000017035a6e520
Event: 1.142 Thread 0x000001701a44a540 Thread added: 0x0000017035e67690
Event: 1.143 Thread 0x000001701a44a540 Thread added: 0x0000017035c81920
Event: 3.989 Thread 0x00000170359aed40 Thread added: 0x000001707b56ecc0
Event: 4.592 Thread 0x000001701a44a540 Thread added: 0x000001707b5fcdc0
Event: 4.599 Thread 0x000001707b5fcdc0 Thread added: 0x000001707b692120
Event: 5.036 Thread 0x000001707b56ecc0 Thread exited: 0x000001707b56ecc0
Event: 6.465 Thread 0x000001707b692120 Thread added: 0x0000017035af9b00
Event: 12.606 Thread 0x0000017035af9b00 Thread exited: 0x0000017035af9b00
Event: 15.943 Thread 0x000001707b692120 Thread added: 0x000001707c810080
Event: 16.472 Thread 0x000001707c810080 Thread exited: 0x000001707c810080


Dynamic libraries:
0x00007ff626810000 - 0x00007ff62681e000 	C:\Users\Vindya\.jdks\ms-17.0.17\bin\java.exe
0x00007ffb11dd0000 - 0x00007ffb11fc8000 	C:\Windows\SYSTEM32\ntdll.dll
0x00007ffb0ffb0000 - 0x00007ffb10072000 	C:\Windows\System32\KERNEL32.DLL
0x00007ffb0faa0000 - 0x00007ffb0fd96000 	C:\Windows\System32\KERNELBASE.dll
0x00007ffb0f8d0000 - 0x00007ffb0f9d0000 	C:\Windows\System32\ucrtbase.dll
0x00007ffaf1740000 - 0x00007ffaf175e000 	C:\Users\Vindya\.jdks\ms-17.0.17\bin\VCRUNTIME140.dll
0x00007ffb06e90000 - 0x00007ffb06ea8000 	C:\Users\Vindya\.jdks\ms-17.0.17\bin\jli.dll
0x00007ffb10220000 - 0x00007ffb103c1000 	C:\Windows\System32\USER32.dll
0x00007ffb0fa70000 - 0x00007ffb0fa92000 	C:\Windows\System32\win32u.dll
0x00007ffb0fed0000 - 0x00007ffb0fefb000 	C:\Windows\System32\GDI32.dll
0x00007ffb0f720000 - 0x00007ffb0f839000 	C:\Windows\System32\gdi32full.dll
0x00007ffb0f9d0000 - 0x00007ffb0fa6d000 	C:\Windows\System32\msvcp_win.dll
0x00007ffaff1f0000 - 0x00007ffaff48b000 	C:\Windows\WinSxS\amd64_microsoft.windows.common-controls_6595b64144ccf1df_6.0.19041.6456_none_60b8a6cb71f64256\COMCTL32.dll
0x00007ffb10080000 - 0x00007ffb1011e000 	C:\Windows\System32\msvcrt.dll
0x00007ffb10500000 - 0x00007ffb1052f000 	C:\Windows\System32\IMM32.DLL
0x00007ffb0b090000 - 0x00007ffb0b09c000 	C:\Users\Vindya\.jdks\ms-17.0.17\bin\vcruntime140_1.dll
0x00007ffad7470000 - 0x00007ffad74f9000 	C:\Users\Vindya\.jdks\ms-17.0.17\bin\msvcp140.dll
0x00007ffad67f0000 - 0x00007ffad746a000 	C:\Users\Vindya\.jdks\ms-17.0.17\bin\server\jvm.dll
0x00007ffb10fe0000 - 0x00007ffb11091000 	C:\Windows\System32\ADVAPI32.dll
0x00007ffb111c0000 - 0x00007ffb1125f000 	C:\Windows\System32\sechost.dll
0x00007ffb11ac0000 - 0x00007ffb11be0000 	C:\Windows\System32\RPCRT4.dll
0x00007ffb0f460000 - 0x00007ffb0f487000 	C:\Windows\System32\bcrypt.dll
0x00007ffb10f70000 - 0x00007ffb10fdb000 	C:\Windows\System32\WS2_32.dll
0x00007ffb0f2c0000 - 0x00007ffb0f30b000 	C:\Windows\SYSTEM32\POWRPROF.dll
0x00007ffb05840000 - 0x00007ffb0584a000 	C:\Windows\SYSTEM32\VERSION.dll
0x00007ffb04db0000 - 0x00007ffb04dd7000 	C:\Windows\SYSTEM32\WINMM.dll
0x00007ffb0f2a0000 - 0x00007ffb0f2b2000 	C:\Windows\SYSTEM32\UMPDC.dll
0x00007ffb0dc70000 - 0x00007ffb0dc82000 	C:\Windows\SYSTEM32\kernel.appcore.dll
0x00007ffb07c40000 - 0x00007ffb07c4a000 	C:\Users\Vindya\.jdks\ms-17.0.17\bin\jimage.dll
0x00007ffb0cde0000 - 0x00007ffb0cfe1000 	C:\Windows\SYSTEM32\DBGHELP.DLL
0x00007ffaf94c0000 - 0x00007ffaf94f4000 	C:\Windows\SYSTEM32\dbgcore.DLL
0x00007ffb0f840000 - 0x00007ffb0f8c2000 	C:\Windows\System32\bcryptPrimitives.dll
0x00007ffb0b5c0000 - 0x00007ffb0b5cf000 	C:\Users\Vindya\.jdks\ms-17.0.17\bin\instrument.dll
0x00007ffaea5b0000 - 0x00007ffaea5d6000 	C:\Users\Vindya\.jdks\ms-17.0.17\bin\java.dll
0x00007ffad6710000 - 0x00007ffad67e6000 	C:\Users\Vindya\.jdks\ms-17.0.17\bin\jsvml.dll
0x00007ffb10530000 - 0x00007ffb10ca0000 	C:\Windows\System32\SHELL32.dll
0x00007ffb0d2f0000 - 0x00007ffb0da95000 	C:\Windows\SYSTEM32\windows.storage.dll
0x00007ffb11760000 - 0x00007ffb11ab4000 	C:\Windows\System32\combase.dll
0x00007ffb0edb0000 - 0x00007ffb0eddb000 	C:\Windows\SYSTEM32\Wldp.dll
0x00007ffb10ea0000 - 0x00007ffb10f6d000 	C:\Windows\System32\OLEAUT32.dll
0x00007ffb10df0000 - 0x00007ffb10e9d000 	C:\Windows\System32\SHCORE.dll
0x00007ffb10d70000 - 0x00007ffb10dcb000 	C:\Windows\System32\shlwapi.dll
0x00007ffb0f390000 - 0x00007ffb0f3b4000 	C:\Windows\SYSTEM32\profapi.dll
0x00007ffaec140000 - 0x00007ffaec158000 	C:\Users\Vindya\.jdks\ms-17.0.17\bin\zip.dll
0x00007ffaefb00000 - 0x00007ffaefb1b000 	C:\Users\Vindya\.jdks\ms-17.0.17\bin\net.dll
0x00007ffb040c0000 - 0x00007ffb041ca000 	C:\Windows\SYSTEM32\WINHTTP.dll
0x00007ffb0eb10000 - 0x00007ffb0eb7a000 	C:\Windows\system32\mswsock.dll
0x00007ffaec500000 - 0x00007ffaec516000 	C:\Users\Vindya\.jdks\ms-17.0.17\bin\nio.dll
0x00007ffb0ae10000 - 0x00007ffb0ae19000 	C:\Users\Vindya\.jdks\ms-17.0.17\bin\extnet.dll
0x00007ffb0af00000 - 0x00007ffb0af0a000 	C:\Users\Vindya\.jdks\ms-17.0.17\bin\management.dll
0x00007ffb08400000 - 0x00007ffb0840c000 	C:\Users\Vindya\.jdks\ms-17.0.17\bin\management_ext.dll
0x00007ffb10200000 - 0x00007ffb10208000 	C:\Windows\System32\PSAPI.DLL
0x00007ffb0b180000 - 0x00007ffb0b18e000 	C:\Users\Vindya\.jdks\ms-17.0.17\bin\sunmscapi.dll
0x00007ffb0f490000 - 0x00007ffb0f5ed000 	C:\Windows\System32\CRYPT32.dll
0x00007ffb0ee20000 - 0x00007ffb0ee47000 	C:\Windows\SYSTEM32\ncrypt.dll
0x00007ffb0ede0000 - 0x00007ffb0ee1b000 	C:\Windows\SYSTEM32\NTASN1.dll

dbghelp: loaded successfully - version: 4.0.5 - missing functions: none
symbol engine: initialized successfully - sym options: 0x614 - pdb path: .;C:\Users\Vindya\.jdks\ms-17.0.17\bin;C:\Windows\SYSTEM32;C:\Windows\WinSxS\amd64_microsoft.windows.common-controls_6595b64144ccf1df_6.0.19041.6456_none_60b8a6cb71f64256;C:\Users\Vindya\.jdks\ms-17.0.17\bin\server

VM Arguments:
jvm_args: -javaagent:C:\Program Files\JetBrains\IntelliJ IDEA Community Edition 2025.2.6.1\lib\idea_rt.jar=55200 -Dfile.encoding=UTF-8 
java_command: com.group_project.wfms_backend.WoodAndFunitureManagementSystemBackendApplication
java_class_path (initial): C:\Users\Vindya\Documents\Wood_and_Funiture_Management_System\Wood_and_Funiture_Management_System_Backend\target\classes;C:\Users\Vindya\.m2\repository\org\springframework\boot\spring-boot-starter-web\3.2.1\spring-boot-starter-web-3.2.1.jar;C:\Users\Vindya\.m2\repository\org\springframework\boot\spring-boot-starter\3.2.1\spring-boot-starter-3.2.1.jar;C:\Users\Vindya\.m2\repository\org\springframework\boot\spring-boot-starter-logging\3.2.1\spring-boot-starter-logging-3.2.1.jar;C:\Users\Vindya\.m2\repository\ch\qos\logback\logback-classic\1.4.14\logback-classic-1.4.14.jar;C:\Users\Vindya\.m2\repository\ch\qos\logback\logback-core\1.4.14\logback-core-1.4.14.jar;C:\Users\Vindya\.m2\repository\org\apache\logging\log4j\log4j-to-slf4j\2.21.1\log4j-to-slf4j-2.21.1.jar;C:\Users\Vindya\.m2\repository\org\apache\logging\log4j\log4j-api\2.21.1\log4j-api-2.21.1.jar;C:\Users\Vindya\.m2\repository\org\slf4j\jul-to-slf4j\2.0.9\jul-to-slf4j-2.0.9.jar;C:\Users\Vindya\.m2\repository\jakarta\annotation\jakarta.annotation-api\2.1.1\jakarta.annotation-api-2.1.1.jar;C:\Users\Vindya\.m2\repository\org\yaml\snakeyaml\2.2\snakeyaml-2.2.jar;C:\Users\Vindya\.m2\repository\org\springframework\boot\spring-boot-starter-json\3.2.1\spring-boot-starter-json-3.2.1.jar;C:\Users\Vindya\.m2\repository\com\fasterxml\jackson\datatype\jackson-datatype-jdk8\2.15.3\jackson-datatype-jdk8-2.15.3.jar;C:\Users\Vindya\.m2\repository\com\fasterxml\jackson\datatype\jackson-datatype-jsr310\2.15.3\jackson-datatype-jsr310-2.15.3.jar;C:\Users\Vindya\.m2\repository\com\fasterxml\jackson\module\jackson-module-parameter-names\2.15.3\jackson-module-parameter-names-2.15.3.jar;C:\Users\Vindya\.m2\repository\org\springframework\boot\spring-boot-starter-tomcat\3.2.1\spring-boot-starter-tomcat-3.2.1.jar;C:\Users\Vindya\.m2\repository\org\apache\tomcat\embed\tomcat-embed-core\10.1.17\tomcat-embed-core-10.1.17.jar;C:\Users\Vindya\.m2\repository\org\apache\tomcat\embed\tomcat-embed-websocket\10.1.17\to
Launcher Type: SUN_STANDARD

[Global flags]
     intx CICompilerCount                          = 3                                         {product} {ergonomic}
     uint ConcGCThreads                            = 1                                         {product} {ergonomic}
     uint G1ConcRefinementThreads                  = 4                                         {product} {ergonomic}
   size_t G1HeapRegionSize                         = 1048576                                   {product} {ergonomic}
    uintx GCDrainStackTargetSize                   = 64                                        {product} {ergonomic}
   size_t InitialHeapSize                          = 67108864                                  {product} {ergonomic}
   size_t MarkStackSize                            = 4194304                                   {product} {ergonomic}
   size_t MaxHeapSize                              = 1056964608                                {product} {ergonomic}
   size_t MaxNewSize                               = 633339904                                 {product} {ergonomic}
   size_t MinHeapDeltaBytes                        = 1048576                                   {product} {ergonomic}
   size_t MinHeapSize                              = 8388608                                   {product} {ergonomic}
    uintx NonNMethodCodeHeapSize                   = 5832780                                {pd product} {ergonomic}
    uintx NonProfiledCodeHeapSize                  = 122912730                              {pd product} {ergonomic}
    uintx ProfiledCodeHeapSize                     = 122912730                              {pd product} {ergonomic}
    uintx ReservedCodeCacheSize                    = 251658240                              {pd product} {ergonomic}
     bool SegmentedCodeCache                       = true                                      {product} {ergonomic}
   size_t SoftMaxHeapSize                          = 1056964608                             {manageable} {ergonomic}
     bool UseCompressedClassPointers               = true                           {product lp64_product} {ergonomic}
     bool UseCompressedOops                        = true                           {product lp64_product} {ergonomic}
     bool UseG1GC                                  = true                                      {product} {ergonomic}
     bool UseLargePagesIndividualAllocation        = false                                  {pd product} {ergonomic}

Logging:
Log output configuration:
 #0: stdout all=warning uptime,level,tags
 #1: stderr all=off uptime,level,tags

Environment Variables:
PATH=C:\Program Files\Eclipse Adoptium\jdk-21.0.9.10-hotspot\bin;C:\Program Files\Common Files\Oracle\Java\javapath;C:\Windows\system32;C:\Windows;C:\Windows\System32\Wbem;C:\Windows\System32\WindowsPowerShell\v1.0\;C:\Windows\System32\OpenSSH\;C:\Program Files\Microsoft SQL Server\150\Tools\Binn\;C:\Program Files\Git\cmd;C:\Program Files\dotnet\;C:\MinGW\bin;C:\Program Files\MySQL\MySQL Server 8.0\bin;C:\Program Files\JetBrains\IntelliJ IDEA Community Edition 2025.2.6.1\bin;C:\Users\Vindya\AppData\Local\nvm;C:\nvm4w\nodejs;C:\Users\Vindya\AppData\Local\Microsoft\WindowsApps;C:\Users\Vindya\AppData\Local\Programs\Microsoft VS Code\bin;C:\Users\Vindya\AppData\Local\GitHubDesktop\bin;C:\Program Files\MySQL\MySQL Server 9.0\bin;C:\Program Files\JetBrains\IntelliJ IDEA 2024.3.4.1\bin;;C:\Users\Vindya\AppData\Roaming\npm;C:\Users\Vindya\AppData\Local\Programs\Antigravity\bin;C:\Users\Vindya\AppData\Local\nvm;C:\nvm4w\nodejs
USERNAME=Vindya
OS=Windows_NT
PROCESSOR_IDENTIFIER=Intel64 Family 6 Model 69 Stepping 1, GenuineIntel
TMP=C:\Users\Vindya\AppData\Local\Temp
TEMP=C:\Users\Vindya\AppData\Local\Temp



Periodic native trim disabled


---------------  S Y S T E M  ---------------

OS:
 Windows 10 , 64 bit Build 19041 (10.0.19041.5915)
OS uptime: 0 days 13:35 hours

CPU: total 4 (initial active 4) (2 cores per cpu, 2 threads per core) family 6 model 69 stepping 1 microcode 0x25, cx8, cmov, fxsr, ht, mmx, sse, sse2, sse3, ssse3, sse4.1, sse4.2, popcnt, lzcnt, tsc, tscinvbit, avx, avx2, aes, erms, clmul, bmi1, bmi2, fma, vzeroupper, clflush
Processor Information for the first 4 processors :
  Max Mhz: 2295, Current Mhz: 1596, Mhz Limit: 1583

Memory: 4k page, system-wide physical 4028M (129M free)
TotalPageFile size 15493M (AvailPageFile size 117M)
current process WorkingSet (physical memory assigned to process): 145M, peak: 152M
current process commit charge ("private bytes"): 190M, peak: 198M

vm_info: OpenJDK 64-Bit Server VM (17.0.17+10-LTS) for windows-amd64 JRE (17.0.17+10-LTS), built on Oct 13 2025 22:19:56 by "MicrosoftCorporation" with unknown MS VC++:1944

END.
